
node:internal/modules/run_main:107
    triggerUncaughtException(
    ^
Error [ERR_MODULE_NOT_FOUND]: Cannot find module '/Users/adamtayar/.gemini/antigravity/scratch/nextjs-whatsapp-bot/test-mastra.ts' imported from /Users/adamtayar/.gemini/antigravity/scratch/nextjs-whatsapp-bot/
    at finalizeResolution (node:internal/modules/esm/resolve:274:11)
    at moduleResolve (node:internal/modules/esm/resolve:864:10)
    at defaultResolve (node:internal/modules/esm/resolve:990:11)
    at nextResolve (node:internal/modules/esm/hooks:785:28)
    at resolveBase (file:///Users/adamtayar/.npm/_npx/fd45a72a545557e9/node_modules/tsx/dist/esm/index.mjs?1770138878634:2:3744)
    at async resolveDirectory (file:///Users/adamtayar/.npm/_npx/fd45a72a545557e9/node_modules/tsx/dist/esm/index.mjs?1770138878634:2:4237)
    at async resolve (file:///Users/adamtayar/.npm/_npx/fd45a72a545557e9/node_modules/tsx/dist/esm/index.mjs?1770138878634:2:5355)
    at async nextResolve (node:internal/modules/esm/hooks:785:22)
    at async AsyncLoaderHooksOnLoaderHookWorker.resolve (node:internal/modules/esm/hooks:269:24)
    at async handleMessage (node:internal/modules/esm/worker:251:18) {
  code: 'ERR_MODULE_NOT_FOUND',
  url: 'file:///Users/adamtayar/.gemini/antigravity/scratch/nextjs-whatsapp-bot/test-mastra.ts'
}

Node.js v24.13.0
